------------------------------------------------------------
TimeQuest Timing Analyzer Summary
------------------------------------------------------------

Type  : Slow 1100mV 85C Model Setup 'CLOCK_50'
Slack : -2.640
TNS   : -70.627

Type  : Slow 1100mV 85C Model Hold 'CLOCK_50'
Slack : 0.461
TNS   : 0.000

Type  : Slow 1100mV 85C Model Minimum Pulse Width 'CLOCK_50'
Slack : -0.538
TNS   : -23.810

Type  : Slow 1100mV 0C Model Setup 'CLOCK_50'
Slack : -2.643
TNS   : -70.860

Type  : Slow 1100mV 0C Model Hold 'CLOCK_50'
Slack : 0.487
TNS   : 0.000

Type  : Slow 1100mV 0C Model Minimum Pulse Width 'CLOCK_50'
Slack : -0.538
TNS   : -21.703

Type  : Fast 1100mV 85C Model Setup 'CLOCK_50'
Slack : -0.764
TNS   : -19.450

Type  : Fast 1100mV 85C Model Hold 'CLOCK_50'
Slack : 0.182
TNS   : 0.000

Type  : Fast 1100mV 85C Model Minimum Pulse Width 'CLOCK_50'
Slack : -0.398
TNS   : -12.945

Type  : Fast 1100mV 0C Model Setup 'CLOCK_50'
Slack : -0.632
TNS   : -15.975

Type  : Fast 1100mV 0C Model Hold 'CLOCK_50'
Slack : 0.171
TNS   : 0.000

Type  : Fast 1100mV 0C Model Minimum Pulse Width 'CLOCK_50'
Slack : -0.439
TNS   : -15.621

------------------------------------------------------------
